000000000000000000055e2a88d0fd4a6fedeb2c80590bfa7e9e2340cdb3c6bb|1679618308|753
000000000000000000043ec56b84c65b41ef4372d14607ed6f03117dcdb735b5|1679618313|5
00000000000000000005d647a0d2ff803c4f93f7781df5c279bcdd11a6bb1185|1679618540|227
00000000000000000005fc1209e9f24b8b0965ce228a2686f1e792fba9773bc0|1679620514|1974
0000000000000000000054c6ebb62d4cd63ed99b363fcfd0053557e8e7e4fc14|1679620790|276
0000000000000000000245156bb42d8683d6450da9c00017cdc83cc7fbb0daeb|1679621482|692
000000000000000000031771975133f530242f33b9ae01a972a916ba4ab4e4e6|1679621891|409
00000000000000000005235a16ff0e27f281b6a74e685ad8414f456e3c703ef9|1679622434|543
000000000000000000047311aec29e3482265fa23e4af357066712bac9543277|1679622828|394
0000000000000000000079958eac48f55a58bb8eb4db9ce97c195b2cea3d6cc6|1679624006|1178
000000000000000000058faa3442815c22378d483b7838e2656e59286baa0b5c|1679624242|236
000000000000000000026a3aa5d605b5441a48b29e16319ffaebe83c0db74f93|1679624791|549
00000000000000000005cba6dd1e64d51bbdc0609a936c151343cb217440e4e5|1679625123|332
00000000000000000003f45ccfec83307d454a40d8363fd593c04fed274615ea|1679625545|422
00000000000000000001cdfd13e1e8b0ec55c0e686e33b44f0d51eaf7f087aee|1679625825|280
000000000000000000001c30e55e9053d8db3902e67b7be16e8dfa55fd50f09d|1679627394|1569
00000000000000000004b3fb602966768cd111743c9d219e4462c892721526f6|1679627712|318
0000000000000000000364649765c7ad14a95a3398410ff75eb91ab7294334b5|1679627786|74
000000000000000000007f98e58805b546dff07a09fa2e792db85446aea311c0|1679628045|259
00000000000000000004184af5030b4e3c2fb6b92e992ef38a7f96adddddd4cc|1679628078|33
00000000000000000003c0a66747753610d8cc6a9d92d2401ddd8e740a1423eb|1679628119|41
00000000000000000002e93543c3221fb5dc6b064371521e0e74954cd72c76d5|1679628177|58
0000000000000000000099074842183c15c268bddbd03a61867460fe6e205d8f|1679628322|145
00000000000000000004a4931347cf620898e23b721877ee453bc917891e5ab1|1679628635|313
0000000000000000000221b293ed28a587c59d621c169d47b3edaaf9ee78fe5f|1679629844|1209
0000000000000000000523427044684134fe22981427ce6454728155940e3c65|1679629874|30
00000000000000000000024858f63a7c95813e70c7b04377ee9f51ae9b2b6aaa|1679630369|495
0000000000000000000343a3a05e449425c449cf9f4319bb592ed3405622145f|1679631125|756
000000000000000000012ea2cc8102ae8d98633c6e1fc0491497a77db3527ebc|1679632526|1401
00000000000000000000abc2edee472cc0d97266246a7e73ef9f4758fd1f8049|1679632625|99
000000000000000000041a6189d52cb8db1fb3dcbd82123bddd0389a0f1676a6|1679632710|85
00000000000000000003e4e6230024af161f0f63419b890eb046bcdb103ce4b3|1679633178|468
000000000000000000010551712ce094e03d60084176560f2c3c23752c58c2e3|1679635447|2269
00000000000000000001b463555da46b31202ac8a4e4a79f2663db2bf7a194ae|1679635640|193
0000000000000000000218cb0abcd69bd434a7f10e8401ac7094f0ef4e8249dd|1679635684|44
00000000000000000001af1a0b49325f2e69b2faa2ef70b2edabb1cf42a835e1|1679636367|683
00000000000000000003a3f6befd5e6502e5b2461b28194fd385bf1ab846f133|1679636388|21
000000000000000000016e829af5a2fc1d549bc887bcc292d774c8eebfce13d0|1679637008|620
000000000000000000007f966cc2a1c9ba54a04eb7e9580f7fab4bb71b26b825|1679638037|1029
00000000000000000004873a48bb577d7cf3380c7170fffec8f899b72be33104|1679639445|1408
00000000000000000003ec628dfd8ac603697cdeb4a6b64da5f120a10b8603eb|1679639948|503
0000000000000000000162f08b632ba9799eae821917805a2d0232b4df46c5ab|1679641687|1739
00000000000000000004efd542ba2ade1858598c743ab10d09a25fdc09767c6f|1679641904|217
00000000000000000004123b218f35325ce0f8a52f75161eda55392139fb9f7a|1679642907|1003
00000000000000000005bd7c6369fe9d34c23f038ba9af125b22bc47e0189130|1679643527|620
0000000000000000000159164ba83b26eccf80c83fb58be9e12913618faa546a|1679643645|118
000000000000000000059467c079eb7ec5a3960a86e4f8ea6f978e03e36b0476|1679644022|377
0000000000000000000456cc9d8f433cb49795867d0863ad8aefcd11314ff8d3|1679644084|62
00000000000000000000795b2625dfa37a9991158ca3c0ed3ec7f82d0334789f|1679644312|228
00000000000000000003125194d88df360eeae5fce15607c0d8eccbf17f019ea|1679644642|330
000000000000000000001cafc24f9c2233dbd2ef8b90d2b688a84d1579726bae|1679645296|654
000000000000000000041682c0bd58061ef5dde09f444102255be5a877e291c2|1679647549|2253
00000000000000000005ef9f8fe05ce43ade9c86945f7b5c6dd04aea603bf412|1679647972|423
00000000000000000001016255c3f52af16d111348cc7b5c820da0385b63f429|1679649239|1267
00000000000000000004d0fe968df8c19b524d3fb856c03a000a0fcbd47a6f56|1679651663|2424
00000000000000000000137e7b373eb1f17e95537f4bc3670e9333b5c8ef17c8|1679652435|772
00000000000000000004fa04330bfd6e477306afc915c8b3d568c0c51bef82c7|1679652647|212
000000000000000000050192ed6c2c58779a43f7b16ab1d5af442981aa905c7d|1679652865|218
0000000000000000000500b58af7b0d06a5db02e8a00316684e2e8547e371951|1679653021|156
00000000000000000003e09b3ff895313371da67c0c6de8ecb5a9712d7ac042c|1679653457|436
00000000000000000001596ab75c6d22faa77cb0b998fa4cab842d5dca2cd716|1679654101|644
0000000000000000000362e2f282cbe938f37ea90e39d14de33f79f44219471e|1679654246|145
00000000000000000003e4b19ed769631c9e20f95cd5de697e6293590faabcb0|1679654596|350
00000000000000000002a4d647569cf3f28b6d869b49fc82d965b920848cfdea|1679654664|68
000000000000000000032a830e857c3cd5c4106518db1da635e9eec9837a8c83|1679656135|1471
00000000000000000002d7c6282f6add649f50fb884f4037a2ce7f1ca5374c34|1679656877|742
0000000000000000000532615b0885b9791b3b5a7a9a004fb587946a565013f1|1679657953|1076
000000000000000000029fc015a436a6a47755a67b0ebcbafb6deb9339a1d630|1679658525|572
00000000000000000000ae77b42d04441c204cc5a720e5dbc8d10fc0ab156e62|1679658572|47
000000000000000000007c22f03ca6a23bc36ee345bd2743075199410bd4afa9|1679658795|223
0000000000000000000152a73c73fa0f602783dd96c7e08da3946afdbbad4879|1679658804|9
000000000000000000048dea2b58f4a8ab9b6c8dff104075c2d097c87f1a14e6|1679659407|603
00000000000000000005a354e6b8d3ccb98f31c78932d396ee9dfad7071b99db|1679660251|844
00000000000000000003f41b9afa64c9e9fe4b6f132b2b9ed4476b6520000e72|1679660310|59
00000000000000000001c5544d8e1b6a4dbd376c361c9ec77548992aa310312a|1679661002|692
0000000000000000000348ffff3d27db20c88d39244771c2c177902d5e2af20d|1679661089|87
00000000000000000004e788dfd985fc2c23954b619ece1b139226928bc426c6|1679661322|233
00000000000000000001e8bdfb52feaf47e032618057930efdac627014d7ea47|1679662138|816
00000000000000000003c6d36bc070f718e7fb8097c9d2ef150ee9aa6bf8a50b|1679662330|192
00000000000000000004a2dcaa0e6db06e1f3243aea05cfb9e532dc3341e44ef|1679662865|535
0000000000000000000540d106f21f626682b8bf6d237ec221639252fdcf31ef|1679663024|159
00000000000000000004e397acdd5983b5b03bdc7e8406bc994381f15d94f3fd|1679663195|171
00000000000000000000e39347c316b3a9e3e24156688b3705a206a3d7ad964f|1679663413|218
00000000000000000005ecef519e9603a793d4207683b55d6260b51ba87d5aaa|1679663899|486
000000000000000000026439ffbd2c245786e0c66e96e32630ef785a6be252c1|1679664361|462
00000000000000000002f2b2dfb25f42c2075b52212bec77e2622622ec73655e|1679665025|664
000000000000000000045ec78614a78795fe6cefdb6feb311c8335b01884df17|1679665418|393
000000000000000000051b2267026934767299577a77d3eedc0b001d0291f676|1679665875|457
000000000000000000001a5f363a1c7121176663082ec016e102270ed90c756d|1679666560|685
0000000000000000000264beed890f8b6cdcf3538f1da906659be8d97402e149|1679666663|103
0000000000000000000297ff7d3d3485f4ce3bccf07e5696818d5e8299d3cb69|1679666749|86
00000000000000000001fd189a63acfbccb0c7ed8b91999b4db09e6dcdd5de32|1679667871|1122
000000000000000000008e587225b41de7133daac392299a604dff83c009f196|1679668106|235
00000000000000000000d996c31689d41c91121af2ccd85a8d8f08e0c37b10e0|1679668830|724
00000000000000000000d15674eedf1625465eab80195ad3af9420a092d5eeb1|1679668937|107
000000000000000000031443e342e3e167cd606f65ef0cf0dba04115dbd4a75e|1679669036|99
0000000000000000000441d441f338269081f4cea9868fdf33f529ab90ce0cad|1679669722|686
0000000000000000000064020a45a6ef7489b64aa135f807be0051f0df43c72f|1679670423|701
000000000000000000043a34731fcd81251395ab789a7a894f9457f16f961d74|1679671036|613
0000000000000000000119f8c232dd0de13f787ce896eb07cad90c166920e8ef|1679671219|183
000000000000000000041a6ab272deb022ac6015113c12baaf70f84f98df0293|1679671500|281
0000000000000000000592096bffab657341e1a0885e7671bc46dd0f423a56bd|1679671581|81
00000000000000000005563841aa40273af2d43cd3bf8dcab0973a4741fb77e8|1679672958|1377
00000000000000000005eae296857b68e14f66faf2eb1c883ad196f0718acf87|1679672979|21
00000000000000000005ad5980fc4377e58801e8bdf23197cc2b6f815224dac8|1679673235|256
0000000000000000000336c34d3d3a5b821e53af15a48c2eb0a15f6631ada6a3|1679674161|926
00000000000000000001f55705300b95f4a3bd81a1d63a247326a5964ed4d87b|1679674600|439
00000000000000000005786d169d8da32e3cdda3bec8cc347881e3d0d9341c29|1679674606|6
00000000000000000001537d5d05bd232ecdfe82784f435b7fa0c5aad22a187e|1679674772|166
0000000000000000000193858d7e62064aca946eff104c61f6a688502c72643a|1679675863|1091
00000000000000000002c60fe2ea5272a63539fb3d90761ab05920f7e493136f|1679676716|853
00000000000000000003a4856dbdd8e14cf6d260d5bcbcbecbb9bc7445c3d07d|1679676783|67
0000000000000000000063bac66218446ca93b683c350374de1b4a911fdce8d1|1679676912|129
000000000000000000009ae99b87d5ab7e9463080ea2e57652432430ebf91d96|1679677963|1051
0000000000000000000051ce965a8df11ce251086306b32c272feef53c98ebbb|1679678042|79
00000000000000000004f42e527054dde29e67ab7fa2858509671acb9eb6c41d|1679678213|171
000000000000000000030484d9424228cb34b7f3049a0d011e5aa41d0e562dcf|1679678564|351
000000000000000000017a56cef8e0aeae2993e26dac152be4699c7e54843686|1679680023|1459
00000000000000000000e8e66175ec76df7fc49acc87ff95ee146cd2d632b2b3|1679680376|353
000000000000000000029692e05e17ffc20fe66a45fc2323752a0ec6550a73c7|1679680858|482
0000000000000000000470a9102fb367a301cd971dda3c3db9452cf8038a4a91|1679681520|662
000000000000000000029bb265a36e4bdca7a1581514d58c2e7941097b465428|1679682247|727
000000000000000000010508229fc21e77e3c9fc79fd23964a829e4163ee466c|1679683966|1719
000000000000000000044c1265d78cf8026e5d6d8396d3b1720c0471ee729096|1679684016|50
000000000000000000031f0d2ef7411c4cb3c3dea8e0b82e3ec5a4afc7a04bb5|1679684435|419
00000000000000000001796c3ae61dbc53fb72d14c8f2e0cdd9ed3675c6e71d7|1679685551|1116
000000000000000000006ffaa8bce37741c179177f69d6ba9aed2af63f5c03e2|1679686222|671
00000000000000000004798375dd1d28bbd7c33506f0ad4a07a9f5ea4ae19163|1679686853|631
00000000000000000003631b8c1a72314e71f78f8937da58d6750b9f65993f6e|1679688992|2139
00000000000000000001d789a89fd529656ccbcbe9f4e44a6aeec1350c8903b5|1679689022|30
00000000000000000001d789a89fd529656ccbcbe9f4e44a6aeec1350c8903b5|0|None
000000000000000000022eabc45b51954ab52e4528d096a9dea82200974bbec5|1679689140|1679689140
000000000000000000051b560281b3f0d96c9f313cf060b0bae37982ccea3672|1679689143|3
0000000000000000000225c249d1f9d3a84dff73f48dc8e854528712234ae6be|1679689315|172
0000000000000000000235f556811b29b7146dc5dee11725a0d0d55937220769|1679690436|1121
00000000000000000004170208735e2396374c4228a7395518743c5d78105eef|1679692055|1619
000000000000000000029636b4fae640b4432fa967b1dc10abcb207022431586|1679692927|872
00000000000000000003952887f41e44d0cd4638c7ff440b7a2a77486bdbbb29|1679693255|328
000000000000000000057c87d8d44ef527f2468c0a4abba788214b2683bfe6ac|1679693402|147
0000000000000000000066fbc150cc60d75e06f4e60ff21555f1574e156cca1f|1679693554|152
00000000000000000001c75757e15cb7708ca397e0bb010938e107a1ee271720|1679694111|557
00000000000000000000c49ed3aa80754b524292cb622e347cc21e8dcfe6fa43|1679694224|113
00000000000000000003c2b2f725e7aeed78f1ad908e38f6734cd182c957123a|1679694275|51
00000000000000000004c175b447741df0fbbb04c33841a9d03985c2c9c4ca3b|1679694929|654
000000000000000000050c8f19f176f00785a255b197d35079be034d8d7953cd|1679695255|326
00000000000000000003e00391476f052bb045185369bbe951bb343428d46bc0|1679696077|822
000000000000000000029d475f540aa48397c52c2bd85fe74a216b2ec222e10b|1679698267|2190
000000000000000000021b4bc5f5e7ae9c4b90c979954edf20f0056074d86a24|1679698425|158
00000000000000000000ba09fa9c28b4a35b62d61ce22fef6bfbccf6c09486ba|1679698889|464
00000000000000000004f3e50381cea55066a3d5d06529c31a4a4c9e466a8419|1679700760|1871
0000000000000000000294b9a6ad2d64ee51d9c3a309b7976206a9dd9d45094c|1679700831|71
0000000000000000000314414a41ab3c778640118eff62665859fdabb298b5c0|1679700857|26
00000000000000000003c96ee95fb125c0a2a53602aac27166372fbe38daa97a|1679701072|215
0000000000000000000029b0f557eef3ce487f2217d4a2ce4d9a99d02a8dec70|1679701133|61
00000000000000000002b976b18b84a08c27ba2adf8a3aa8827ea68095b1d8d6|1679701289|156
00000000000000000004488ae58db20e318801c079736a5f1e8d19780a66cce2|1679701431|142
00000000000000000000b5980ce0ff012c6b3e5956fd49b87abb3540a65596c1|1679701662|231
00000000000000000004d92cdc54426d3d1d4e74f361d4e7b87f73fa6f1d921e|1679701845|183
00000000000000000003a89246f488b5508ce10321b0a0506d2d878cfe1a59ac|1679701951|106
00000000000000000000d1d7164aba65b1e69824352d2a4bf04977fd7a4dafab|1679702683|732
00000000000000000003c088308abeedced19c0732c41e19c40cb888914152f4|1679703398|715
00000000000000000001f40f144123e5dee161e91bd54d7d37e1f140ce4e6bee|1679703655|257
00000000000000000005def3680aef6921b514964a2d9295d7971da8b98eebc8|1679704977|1322
000000000000000000052f1117a4ca773abbe4cda0682eb6ca2866d880fdd8be|1679705251|274
0000000000000000000314433b7436fb6563c685dd45a7b739a1e9ac424a1aae|1679705342|91
00000000000000000001a1ffecffc6ed5b4a7cccfe894005a65705781e9a6ce7|1679706542|1200
000000000000000000010738fa5662e78022ea8c77f91c67a55c66f083b22539|1679706687|145
00000000000000000004078b458c259a83d9dd4e948105474abb973233085686|1679706830|143
00000000000000000002f0458a060427489ee93bb4bd5a37104569dc0c81ad42|1679707591|761
000000000000000000052ebc3cbc5009bc7e3f8cda7f9bc106c3419aca1f8fef|1679707754|163
00000000000000000004ebac02882e8f41212f3e42028009d6329c8d8a7c5a15|1679708715|961
0000000000000000000502274d23b44207ea18bdf5eb8609c7afa4253da2ffd6|1679708937|222
0000000000000000000056416252a665bfa2e4b1c3998e193d22971a52cb532e|1679710057|1120
000000000000000000013607e848527aae2a22c749e9e2307b6b75746a3dc157|1679710451|394
000000000000000000028ef06cf8d55ac4dfab9e4a6957a578d24ee853390865|1679710555|104
0000000000000000000516d40bd96cae39dd551c3cd8e7d4d44c61cd17e6114e|1679711372|817
000000000000000000057500a7106afb96f942f9da0203a63b9e169dbf3260e2|1679711636|264
00000000000000000000eaeeab145a8c6840bd7a47b8892d59e71dd9d2d2f1ca|1679711914|278
00000000000000000002a0bfe1cd66600bc8f6bf333b88e84473185facbd9823|1679711989|75
000000000000000000001d08cb5438ba02b64bcea536c0e94051eeb32b211408|1679712075|86
0000000000000000000020750dc0a43f3d74b4b940d241417727144e954494c3|1679712835|760
00000000000000000002b9fab87b7cc5cb9b9bac72041f392f2f7fbfe66126f5|1679713028|193
0000000000000000000016d09257a07a8bae39a465c7700066a92e081286bb38|1679713181|153
0000000000000000000039f916f8526215c72f77be98881a13831c6324640e04|1679714232|1051
00000000000000000002b4758a72feaf8beebd3773cfc2d76d1b5232b7c2ab0c|1679714310|78
00000000000000000000a0f2d01e8add03902904f963c71990b8d95372751746|1679714406|96
0000000000000000000248b0edbe3dba4c28d3a1879a3674383fb93ba7535265|1679715648|1242
000000000000000000027b4d2cbbfe51e4217b5965002f05e7716cbbcbf59775|1679716588|940
00000000000000000001ffe7ceb3f4d591ede25ddf9d8bf7d3a174be2a03bab7|1679718537|1949
