1758754309.1279085:1.2613904476165771 seconds since last block
1758756237.942879:1928.8145952224731 seconds since last block
1758756860.8445709:622.900997877121 seconds since last block
1758756923.3089323:62.46392869949341 seconds since last block
1758757048.238524:124.92889785766602 seconds since last block
1758757110.2916975:62.052762269973755 seconds since last block
1758757920.2982085:810.0058033466339 seconds since last block
1758757982.5502841:62.25135517120361 seconds since last block
1758758044.298756:61.74773979187012 seconds since last block
1758758294.2637808:249.96433663368225 seconds since last block
1758759042.302279:748.0377814769745 seconds since last block
1758759416.3713448:374.0683889389038 seconds since last block
1758760163.7439618:747.3718197345734 seconds since last block
1758760225.7480195:62.003334045410156 seconds since last block
1758760849.040806:623.2920525074005 seconds since last block
1758761097.6571012:248.61562585830688 seconds since last block
1758761159.9142954:62.25680732727051 seconds since last block
1758761284.4311798:124.51622986793518 seconds since last block
1758761471.4105418:186.9786558151245 seconds since last block
1758762239.7218437:1.2295899391174316 seconds since last block
1758763172.7972407:933.0746595859528 seconds since last block
1758763670.8684242:498.070437669754 seconds since last block
1758763920.7226417:249.8534643650055 seconds since last block
1758764544.5107281:623.7873451709747 seconds since last block
1758764981.0880575:436.5768084526062 seconds since last block
1758767909.4029937:2928.314212322235 seconds since last block
1758770028.9603505:2119.556824207306 seconds since last block
1758770221.243954:192.28310918807983 seconds since last block
1758770408.9743254:187.72988176345825 seconds since last block
1758770969.8975093:560.9227020740509 seconds since last block
1758772587.3939502:1617.4959511756897 seconds since last block
1758772711.707591:124.31292033195496 seconds since last block
1758773147.5156102:435.8072702884674 seconds since last block
1758773396.5506506:249.03430199623108 seconds since last block
1758774393.7236683:997.1721785068512 seconds since last block
1758774581.525567:187.8010959625244 seconds since last block
1758775017.1495614:435.6232376098633 seconds since last block
1758775203.522348:186.3720440864563 seconds since last block
1758775451.9507327:248.42766094207764 seconds since last block
1758776135.5823147:683.6308746337891 seconds since last block
1758776446.719841:311.1368339061737 seconds since last block
1758781186:2142 seconds since last block
1758781694:508 seconds since last block
1758783435:1741 seconds since last block
1758785756:2321 seconds since last block
1758786119:363 seconds since last block
1758787281:1162 seconds since last block
1758787643:362 seconds since last block
1758788659:1016 seconds since last block
1758789240:581 seconds since last block
1758789320:80 seconds since last block
1758789974:654 seconds since last block
1758790192:218 seconds since last block
1758791715:1523 seconds since last block
1758792077:362 seconds since last block
1758792874:797 seconds since last block
1758792947:73 seconds since last block
1758793310:363 seconds since last block
1758793527:217 seconds since last block
1758793672:145 seconds since last block
1758793745:73 seconds since last block
1758793817:72 seconds since last block
1758793890:73 seconds since last block
1758794065:175 seconds since last block
1758794138:73 seconds since last block
1758794210:72 seconds since last block
1758794355:145 seconds since last block
1758794573:218 seconds since last block
1758794791:218 seconds since last block
1758795008:217 seconds since last block
1758795081:73 seconds since last block
1758795298:217 seconds since last block
1758797039:1741 seconds since last block
1758798490:1451 seconds since last block
1758799361:871 seconds since last block
1758799433:72 seconds since last block
1758800521:1088 seconds since last block
1758800884:363 seconds since last block
1758801319:435 seconds since last block
1758801899:580 seconds since last block
1758802915:1016 seconds since last block
1758804004:1089 seconds since last block
1758804731:727 seconds since last block
1758805021:290 seconds since last block
1758805311:290 seconds since last block
1758807417:2106 seconds since last block
1758808144:727 seconds since last block
1758808507:363 seconds since last block
1758808798:291 seconds since last block
1758810473:1746 seconds since last block
1758810614:141 seconds since last block
1758810661:47 seconds since last block
1758810801:140 seconds since last block
1758813955:559 seconds since last block
1758814615:665 seconds since last block
1758817841:0 seconds since last block
1758818033:0 seconds since last block
1758818497:502 seconds since last block
1758818850:350 seconds since last block
1758819638:0 seconds since last block
1758819999:343 seconds since last block
1758820715:0 seconds since last block
1758821036:1032 seconds since last block
1758822218:810 seconds since last block
1758822485:138 seconds since last block
1758823078:520 seconds since last block
1758824149:1147 seconds since last block
1758826293:2178 seconds since last block
1758827400:1404 seconds since last block
1758827903:173 seconds since last block
1758828848:935 seconds since last block
1758828999:147 seconds since last block
00000000000000000001825e03cbf1e6e3b8c75913f26492af256f4bc6967478:1758830140:418 seconds since last block
00000000000000000000859f06ffaa14d3ea47061202c4b544fe1b1872f277e0:1758831130:995 seconds since last block
00000000000000000001ef7fdcf0b3f26976c434322b096d760371c18cbdd41b:1758831282:175 seconds since last block
00000000000000000001e0e500356b6aa62e2dd0ab553ce981443d2a1fa164a7:1758831506:220 seconds since last block
00000000000000000000ffd7b0de33034b9740f92f11b4feebc7bbd3c9b22edb:1758831593:74 seconds since last block
0000000000000000000138da0d369e107db19e9a6ebe3d80a61abdd1819ef04f:1758831680:48 seconds since last block
00000000000000000001c34ff734b160c613a3442dfc9115fbf5d9010c80902a:1758831692:63 seconds since last block
00000000000000000000c297a4db92356db5e05bbddc0dbc2cf76d99ea3be0eb:1758832100:400 seconds since last block
00000000000000000001d5e593731b699956d9da5af3019aa00d310ef22d1378:1758833026:930 seconds since last block
0000000000000000000151dea118c0f38543d9defc3e1004abfb2017e936ff50:1758833101:74 seconds since last block
00000000000000000001d9ae858f3feeddc0028f7b90f990b04debd7eb538909:1758833528:461 seconds since last block
00000000000000000001ddace1dd9650f18186febe415cbc0d4f080c62bf7cc7:1758834211:665 seconds since last block
00000000000000000001d6431116e0ad9c87cdbd7cca27a42c12822a834670c7:1758834650:420 seconds since last block
00000000000000000000329fff80605dfe3e64137d7abc9a0c4b2166e241ade2:1758834662:5 seconds since last block
00000000000000000001a63d3aa1053aab0f18c2d2357f28c0efcb80534b3b93:1758835035:346 seconds since last block
00000000000000000000ad14d6475c06d9fc09c7cce9aa98e4b7002a189a0d56:1758835186:144 seconds since last block
000000000000000000015daaafa51935db2b6f052ab7ed7f781b54d45238730d:1758835232:57 seconds since last block
00000000000000000000979ef116c9a37db5d8e4a17714018fbe6411016fcf18:1758835350:146 seconds since last block
000000000000000000016d19571e5e8ca5f39e911327a5c9b53436cd44af1de8:1758837147:1811 seconds since last block
0000000000000000000164e712ef22e1592a263319147963257989a4fd351031:1758837879:713 seconds since last block
000000000000000000019ffce0c0fca32e6b8925f465b3ffa6d5070aa0070897:1758840822:2948 seconds since last block
000000000000000000005ad9039d1c42aa92bf072508daadd2a490ed6ed8e202:1758841024:260 seconds since last block
000000000000000000005514faadf54287320b2081c5f98abe763a8bdfd7d905:1758841440:379 seconds since last block
00000000000000000000cd283414ababca50d7b194fae77111e4bb65a7aa9f71:1758841484:59 seconds since last block
0000000000000000000164b37a206d3d228f3eecdabe89c5eac4a1b7da3b2509:1758841784:269 seconds since last block
00000000000000000000169cad241f0fd0b16a039905d0c53ba2bf3f288037e0:1758843047:1196 seconds since last block
00000000000000000001d95cf11d52fec9a6fba51ade16d80d347041063a14d1:1758843410:427 seconds since last block
0000000000000000000091ac7c4a153e38597d3e2f03c975f88463d857bac873:1758843570:151 seconds since last block
00000000000000000001082cf2a4225da4caf1c72423e98f1ba08bc709ebb95a:1758843636:67 seconds since last block
00000000000000000001e5a6e916e644f43da9aa35b7edf495442fe52574d008:1758843978:229 seconds since last block
00000000000000000001c64aa07a42d823cda431ff8c6e3202be81a5c186e7d2:1758845959:2109 seconds since last block
0000000000000000000099b0622aba96d1cabaa0b312bc1bb3a0da5aa4c1e3f6:1758846757:731 seconds since last block
00000000000000000001b41690c6c12a2599aa68deafd6d6fd603efc57dad23d:1758847929:1234 seconds since last block
000000000000000000004ab05e4e57675dbd3d72cd03e3a8d7c44f8184d160c8:1758848181:137 seconds since last block
000000000000000000017e4b12af9c629782e38cbaba103b4645d20db3b6a495:1758848385:296 seconds since last block
00000000000000000001750e251a78be9918117f5a58f8503bfa672de99cc571:1758848591:202 seconds since last block
000000000000000000012a893ee5688b7dfe3807c65a67109fc42410ca05a253:1758849372:796 seconds since last block
00000000000000000001970feb6cc2b24be6ca4911eb755ac282fde38dbd7db2:1758849505:115 seconds since last block
0000000000000000000099af4c696f2050113b1de03d8b57b232a77549455f56:1758850335:845 seconds since last block
00000000000000000001959ef537957a32e3cd17e3793153dc7256d84ec63cc0:1758850584:171 seconds since last block
00000000000000000000afe04e408b722c988df4d4d5be8cbf0bfa0c5f80a082:1758850954:457 seconds since last block
0000000000000000000102c8d90efa8a01f2c9ac1a471ccc488d6fd4e682b4c0:1758851752:806 seconds since last block
0000000000000000000040f603e65b4caf10543162dac5a501d05d1936b7ae6b:1758851953:125 seconds since last block
00000000000000000000b288b62068d09fc5723fad84ab0403c3883c1446d1f5:1758852630:999 seconds since last block
0000000000000000000013142c73989ec9d1ae37479170f3fb6e8b9f8224ffc6:1758853155:273 seconds since last block
0000000000000000000091e72ca5e1d665b1d30bba405c855f100f9e90025f4f:1758853587:349 seconds since last block
00000000000000000000499358d1cdbef454095c89271f32c9a07a65a2da0d60:1758853895:386 seconds since last block
00000000000000000001593cb3f5c2cbfadd66bd4a3e223261df880a048b7247:1758853958:59 seconds since last block
0000000000000000000189ef11ca32245f73960f75213f269c0da3ba2398b991:1758854482:513 seconds since last block
0000000000000000000120b2c13117707d3989aee846389ec7d5783da0a28b3f:1758854606:129 seconds since last block
00000000000000000001cfb5db3448cc2cdcd3b58a2695541def3bfb17af36a9:1758855250:636 seconds since last block
0000000000000000000057695b76351229a28e557d78397a198cb2b1a0ebaa43:1758857071:1812 seconds since last block
0000000000000000000188a61232ef33e2486a561f5681e4461c25e8ed3c13bd:1758857134:74 seconds since last block
00000000000000000001f478cfce246cc43e6f08d6b88c4598db73b70c023fdd:1758857442:319 seconds since last block
0000000000000000000175a43046a2561d06babfe029c2fc52208ea787a8cdb3:1758857659:225 seconds since last block
00000000000000000001b90247b0a679c40c5e52986851de3978963a903acaae:1758859528:1843 seconds since last block
00000000000000000000e1447c3309077a818d4b97cccbb3f2a12151906dc5c6:1758859592:66 seconds since last block
000000000000000000009e0c7af40c99ae3accc4617e4f6add823aa9b8464087:1758860573:838 seconds since last block
000000000000000000005ca25eabe7a1a346245feabb9c5fe516533fde93394e:1758860606:93 seconds since last block
00000000000000000000af82fc7880227670c752f1a8db7e35aa1ec3174a9606:1758861374:877 seconds since last block
0000000000000000000181fe6651488924ce27f54e808ae25d5bbdaf91c57412:1758926931:790 seconds since last block
00000000000000000000b1e07e27e66a0711ad3c33daca8259b581bcd972d854:1758927423:478 seconds since last block
000000000000000000018520196b665a623b4dfcc3e6d2edd402e11eb709d553:1758928649:1214 seconds since last block
00000000000000000001e402aea37a642b2b9a3af0ecd6acc2e1214586adebad:1758929327:695 seconds since last block
00000000000000000001d0f9a5e7fe5136344b2a566f855242558677e6837898:1758931346:2014 seconds since last block
00000000000000000001d2bd8f17862797e8775189bb5c4c1246e4465577f252:1758931654:320 seconds since last block
000000000000000000002c10f7a56aeb9a747df93fb0e8c2f8552fc38fded779:1758932268:593 seconds since last block
0000000000000000000144fe7c7efd43459a6e2bf507e8fc75d56982fd3e4d08:1758933034:747 seconds since last block
000000000000000000003345135bbcc9bffdfb62aacb42259eed626eb1aa15d8:1758934382:1378 seconds since last block
00000000000000000001b6805fcefe024b80faf1118eb85dd85ac3c32eea851b:1758935333:1200 seconds since last block
000000000000000000015668857752a40d31903582130213a8f31df03c0a3078:1758935489:-99 seconds since last block
000000000000000000017d559335f44df8e77717bb0f5051be5605d9d942c23e:1758935920:426 seconds since last block
00000000000000000001890675c8bc762d7f90d238df2ac5d48cbdf229920732:1758936043:158 seconds since last block
00000000000000000000b70c0751c1ffc9b4a1dce8847d389f895547b8d60745:1758936444:374 seconds since last block
0000000000000000000064986faf8a5b997c8d7c74c632c2c2ab94ee8bd92c9a:1758937027:578 seconds since last block
00000000000000000000675624458864dfc3eb00d720e5bd44ca42ffce217617:1758937135:38 seconds since last block
000000000000000000012d5d295cfd4508dc26a22578eac890c30b1f8bd7ae63:1758937291:200 seconds since last block
00000000000000000000ac195e2b9ffed67405a1ca064573a0d90566dad0a6a8:1758937354:90 seconds since last block
00000000000000000000daf99a7e8e279a40374fd58adbd574d8a068d0c3faa7:1758939009:1645 seconds since last block
000000000000000000009fca61b0f572e59469f9130e9b67bd730694302cf930:1758939257:281 seconds since last block
0000000000000000000055d7bcdb28e877b9197ba7c02d336380277820246897:1758939321:8 seconds since last block
00000000000000000000bed3c9c86102749e13c9cd32638a5901246b73674f9a:1758940483:1189 seconds since last block
0000000000000000000043f0bb7037776fef57ffdec703367c805d38526f22fb:1758940884:408 seconds since last block
00000000000000000000e77f487cf855b8823e532573cc9b28a6aee42208a7ba:1758941223:337 seconds since last block
0000000000000000000019b10a8c66adb379f81dd0ad4fc5a0fec7db32826830:1758941348:103 seconds since last block
000000000000000000009dc67e9e39a823f3c8c2adab5b2f7a8aa4a0cb707dbf:1758941870:535 seconds since last block
000000000000000000014e2e1d666ebfdf2046be714c9da3875863f941a7c967:1758941903:37 seconds since last block
000000000000000000011d639c702745e4d3299d19a2cae84ef3a4542a70f4ec:1758942360:367 seconds since last block
0000000000000000000101249d9b27bc6156b27f80c1d7cc68052ad3fe2afff6:1759315059:1759314252 seconds since last block
0000000000000000000120fd58ed2a16c4b20d5f2c21a1f7e6f29049a426f0ee:1759315090:0 seconds since last block
0000000000000000000166f9c9aa6e07a5ff61282ab4a59bf25b346b064d5856:1759315277:0 seconds since last block
[]:1759318616:1759318579 seconds since last block
[]:1759320385:1759319554 seconds since last block
[]:1759320429:1759319554 seconds since last block
['00000000000000000001a2791cf13cbdf948eb444e6c95e7e65b33c412b36ca9']:1759320793:0 seconds since last block
00000000000000000001a1f1c42a33e5cd91df591542b70a99c8ac98c3b58897:1759321440:0 seconds since last block
000000000000000000006d8548d2fdf831a689e22b8ae4ce711ba88bdfe31a52:1759322590:0 seconds since last block
000000000000000000010af5ade7a24bbfa12e92d46f66c6f574b02163a62f8a:1759323300:0 seconds since last block
00000000000000000001edf0c1256bc9f0ed143c9629901957b0bb305f601d48:1759324348:0 seconds since last block
000000000000000000012a75a40396c8261d063c66a1024e20ef3e6f774897c4:1759324766:0 seconds since last block
00000000000000000000ef10584bc00d728577108d556ebdb02c5d458ceafe13:1759325562:0 seconds since last block
0000000000000000000098016f5814c0c60cb032d5ad17bb8ff54caad050ada4:1759325963:0 seconds since last block
000000000000000000008044efcc7a60a003e49ba58c6f6fd6cc595fd6a18014:1759326493:0 seconds since last block
0000000000000000000169bf2ce46189ef621a6e82f99939fc44fc2ff172b943:1759326559:0 seconds since last block
0000000000000000000074b28292653f859653b856026e15145768b287c1a481:1759327454:0 seconds since last block
000000000000000000002e7e467cc20287a7fc31a00a3e8f1d8685cd8dc25850:1759328770:0 seconds since last block
00000000000000000001d7d619948ecd4eac83a0a47382fb11b19cc069e8faf0:1759329140:0 seconds since last block
00000000000000000000b631397e501fef6fa11dfbe489214a284fe75f03df12:1759330103:0 seconds since last block
000000000000000000001ed59a5c72942cc266ada598f4c035f399d146f00da2:1759330865:0 seconds since last block
00000000000000000001c9d681a55e77a44884e15463ea1245b3489d5ab1e182:1759330968:0 seconds since last block
00000000000000000000e781b292ac326b78a46d27ec8316e3d2814bff240d95:1759331192:0 seconds since last block
00000000000000000001d8bb021fd9e7f8bb5cd493bed2bcf455f2d5bc81ff0a:1759331886:0 seconds since last block
00000000000000000001bf7773e38cbd568145bd62fd435449ffe40912b76a50:1759333081:0 seconds since last block
00000000000000000000418de0d1d8588d90ad823ad4b97356fd354b965762c8:1759334418:0 seconds since last block
000000000000000000009f90c2b0bdb2b9fcb592acb3dc0fe5c4555eee848fa6:1759335100:0 seconds since last block
00000000000000000000af6b5a1e4a21f99a32b9dc5f57cc402aa38fc1efa5a2:1759336667:0 seconds since last block
000000000000000000014a9bc3acfd68ad525aaf574141324df5eb5b826e4cd9:1759336769:0 seconds since last block
00000000000000000001bc05d895f7c694d5faf3fac1f5590facd012d3467ef7:1759337686:0 seconds since last block
000000000000000000011e97af12fd09e3b49b85358764e64f81320f810bfa8e:1759337805:0 seconds since last block
00000000000000000000eda342e5fbce15c9be227d197b29f24ae50d04d3783f:1759338005:0 seconds since last block
00000000000000000000b8b7e55e03c9e2d4f5664827ee44cafdf50b67cc86ea:1759338072:0 seconds since last block
000000000000000000010c4ea322ee61953035f55d323178b34338327b110326:1759339688:0 seconds since last block
000000000000000000012d4b36c4a2e8b2d55d64fc6cd5cb1b2dd22191e4c540:1759340373:0 seconds since last block
000000000000000000012cfc7e43e85a7ba5f40f00a3319ff75d60b1fba32ea2:1759340390:684 seconds since last block
00000000000000000001174144ea6954fac263cc531cb4658f82e30dbddbb26b:1759340995:0 seconds since last block
00000000000000000000b1f8f73a1d906804a8c755262feed2f1bd9481536b53:1759341347:0 seconds since last block
000000000000000000016ac943dfbba58b636e36a589bcfb4935bf81765d0b57:1759341663:0 seconds since last block
00000000000000000000cb76e92bedb61d5a491864835e6e4abdbac8bd2b4329:1759342767:0 seconds since last block
00000000000000000001c685a2f41994f6e772dcab8d4187e51cb9d05399662d:1759343509:0 seconds since last block
00000000000000000001c2ad3aefd3cae493e05c15a995ed7d355af9fd24aa8b:1759343876:0 seconds since last block
00000000000000000000bd890aadac2fcaaac8ed1c97c834d6e3d3cc2e4782ad:1759344615:0 seconds since last block
00000000000000000001a6a12f301a11165ad207637665c4f342b24fd8307449:1759344933:0 seconds since last block
000000000000000000013c1fe1c5e4ebfcfe40f883422a137b6f351418e05540:1759345151:0 seconds since last block
00000000000000000000f7e271f5a5e77404d0cb5477bb18d5d80f69ac8ed499:1759345828:0 seconds since last block
00000000000000000000c3c7e67e217bc0686832bd6adad4df3ba63ef65aad04:1759346027:0 seconds since last block
00000000000000000000296c45b1abc1cd19c086102892f1022b9a4a84e2705c:1759346295:0 seconds since last block
00000000000000000000c52a0c8b810784cc0e53fb2a29cee940901111716277:1759346643:0 seconds since last block
00000000000000000000a922b8e1678ea444849f92463a9e5954416dc9581d1e:1759347115:0 seconds since last block
0000000000000000000146d4b9ff26db30d508269b0b742929d5639c74b8ca9d:1759347225:0 seconds since last block
000000000000000000013aea926a713092314f225c65dee959e2e8701d1eb3ba:1759347443:0 seconds since last block
00000000000000000001aae236141f8b0326eb9c35c4b54cab2f3e315f283163:1759348198:0 seconds since last block
000000000000000000010919a63dfd4bb86037ad9f2c26cb8e4f3b18d345cb4a:1759348474:170 seconds since last block
